// Jest Snapshot v1, https://goo.gl/fbAQLP

exports[`fee computeMinFee should calculate minimum fee for given minFeePerByte 1`] = `290000n`;

exports[`fee computeMinFee should calculate minimum fee for transaction from multisignature account 1`] = `8608000n`;

exports[`fee computeMinFee should return minimum fee required to send to network 1`] = `145000n`;
